// Jest Snapshot v1, https://goo.gl/fbAQLP

exports[`renders correctly 1`] = `
<Link
  className="navLink"
  replace={false}
  title="Create and View Reports"
  to="/reports"
>
  REPORTS
</Link>
`;
