// Jest Snapshot v1, https://goo.gl/fbAQLP

exports[`renders correctly 1`] = `
<div
  className="container"
>
  <div
    className="modalWrapper medium"
  >
    <span
      className="closeWrapper"
      role="button"
      tabIndex="0"
    >
      <CloseIcon />
    </span>
  </div>
  <div
    className="overlay"
    onClick={[Function]}
    role="presentation"
  />
</div>
`;
