// Jest Snapshot v1, https://goo.gl/fbAQLP

exports[`renders correctly 1`] = `
<MBModal
  closeable={true}
  size="medium"
>
  <h3
    className="modalHeader"
  >
    Add a New Employee
  </h3>
  <Connect(NewEmployeeForm) />
</MBModal>
`;
