// Jest Snapshot v1, https://goo.gl/fbAQLP

exports[`renders correctly 1`] = `
<div
  className="errorWrapper"
>
  <p>
    this is an error
  </p>
</div>
`;
