// Jest Snapshot v1, https://goo.gl/fbAQLP

exports[`renders correctly 1`] = `
<Checkbox
  className="checkbox"
  onChange={[Function]}
  type="checkbox"
/>
`;
