// Jest Snapshot v1, https://goo.gl/fbAQLP

exports[`renders correctly 1`] = `
<input
  className="textInput"
  errorText={
    Object {
      "required": "This field is required",
    }
  }
  is_required={true}
  name="name"
  onChange={[Function]}
  placeholder="Name"
/>
`;
